// Jest Snapshot v1, https://goo.gl/fbAQLP

exports[`App render snapshot 1`] = `
<div>
  <div
    class="App"
  >
    <div
      class="sc-bdvvtL hdrxtZ"
      role="button"
      tabindex="0"
    >
      <div
        class="sc-gsDKAQ hjIYNH"
      >
        <div
          class="sc-dkPtRN bzcvOx"
          height="20"
          width="12"
        >
          <div
            class="sc-hKwDye ePoxSY"
            color="0, 0, 0"
            type="0"
          />
          <div
            class="sc-hKwDye ePoxSY"
            color="0, 0, 0"
            type="0"
          />
          <div
            class="sc-hKwDye ePoxSY"
            color="0, 0, 0"
            type="0"
          />
          <div
            class="sc-hKwDye ePoxSY"
            color="0, 0, 0"
            type="0"
          />
          <div
            class="sc-hKwDye ePoxSY"
            color="0, 0, 0"
            type="0"
          />
          <div
            class="sc-hKwDye ePoxSY"
            color="0, 0, 0"
            type="0"
          />
          <div
            class="sc-hKwDye ePoxSY"
            color="0, 0, 0"
            type="0"
          />
          <div
            class="sc-hKwDye ePoxSY"
            color="0, 0, 0"
            type="0"
          />
          <div
            class="sc-hKwDye ePoxSY"
            color="0, 0, 0"
            type="0"
          />
          <div
            class="sc-hKwDye ePoxSY"
            color="0, 0, 0"
            type="0"
          />
          <div
            class="sc-hKwDye ePoxSY"
            color="0, 0, 0"
            type="0"
          />
          <div
            class="sc-hKwDye ePoxSY"
            color="0, 0, 0"
            type="0"
          />
          <div
            class="sc-hKwDye ePoxSY"
            color="0, 0, 0"
            type="0"
          />
          <div
            class="sc-hKwDye ePoxSY"
            color="0, 0, 0"
            type="0"
          />
          <div
            class="sc-hKwDye ePoxSY"
            color="0, 0, 0"
            type="0"
          />
          <div
            class="sc-hKwDye ePoxSY"
            color="0, 0, 0"
            type="0"
          />
          <div
            class="sc-hKwDye ePoxSY"
            color="0, 0, 0"
            type="0"
          />
          <div
            class="sc-hKwDye ePoxSY"
            color="0, 0, 0"
            type="0"
          />
          <div
            class="sc-hKwDye ePoxSY"
            color="0, 0, 0"
            type="0"
          />
          <div
            class="sc-hKwDye ePoxSY"
            color="0, 0, 0"
            type="0"
          />
          <div
            class="sc-hKwDye ePoxSY"
            color="0, 0, 0"
            type="0"
          />
          <div
            class="sc-hKwDye ePoxSY"
            color="0, 0, 0"
            type="0"
          />
          <div
            class="sc-hKwDye ePoxSY"
            color="0, 0, 0"
            type="0"
          />
          <div
            class="sc-hKwDye ePoxSY"
            color="0, 0, 0"
            type="0"
          />
          <div
            class="sc-hKwDye ePoxSY"
            color="0, 0, 0"
            type="0"
          />
          <div
            class="sc-hKwDye ePoxSY"
            color="0, 0, 0"
            type="0"
          />
          <div
            class="sc-hKwDye ePoxSY"
            color="0, 0, 0"
            type="0"
          />
          <div
            class="sc-hKwDye ePoxSY"
            color="0, 0, 0"
            type="0"
          />
          <div
            class="sc-hKwDye ePoxSY"
            color="0, 0, 0"
            type="0"
          />
          <div
            class="sc-hKwDye ePoxSY"
            color="0, 0, 0"
            type="0"
          />
          <div
            class="sc-hKwDye ePoxSY"
            color="0, 0, 0"
            type="0"
          />
          <div
            class="sc-hKwDye ePoxSY"
            color="0, 0, 0"
            type="0"
          />
          <div
            class="sc-hKwDye ePoxSY"
            color="0, 0, 0"
            type="0"
          />
          <div
            class="sc-hKwDye ePoxSY"
            color="0, 0, 0"
            type="0"
          />
          <div
            class="sc-hKwDye ePoxSY"
            color="0, 0, 0"
            type="0"
          />
          <div
            class="sc-hKwDye ePoxSY"
            color="0, 0, 0"
            type="0"
          />
          <div
            class="sc-hKwDye ePoxSY"
            color="0, 0, 0"
            type="0"
          />
          <div
            class="sc-hKwDye ePoxSY"
            color="0, 0, 0"
            type="0"
          />
          <div
            class="sc-hKwDye ePoxSY"
            color="0, 0, 0"
            type="0"
          />
          <div
            class="sc-hKwDye ePoxSY"
            color="0, 0, 0"
            type="0"
          />
          <div
            class="sc-hKwDye ePoxSY"
            color="0, 0, 0"
            type="0"
          />
          <div
            class="sc-hKwDye ePoxSY"
            color="0, 0, 0"
            type="0"
          />
          <div
            class="sc-hKwDye ePoxSY"
            color="0, 0, 0"
            type="0"
          />
          <div
            class="sc-hKwDye ePoxSY"
            color="0, 0, 0"
            type="0"
          />
          <div
            class="sc-hKwDye ePoxSY"
            color="0, 0, 0"
            type="0"
          />
          <div
            class="sc-hKwDye ePoxSY"
            color="0, 0, 0"
            type="0"
          />
          <div
            class="sc-hKwDye ePoxSY"
            color="0, 0, 0"
            type="0"
          />
          <div
            class="sc-hKwDye ePoxSY"
            color="0, 0, 0"
            type="0"
          />
          <div
            class="sc-hKwDye ePoxSY"
            color="0, 0, 0"
            type="0"
          />
          <div
            class="sc-hKwDye ePoxSY"
            color="0, 0, 0"
            type="0"
          />
          <div
            class="sc-hKwDye ePoxSY"
            color="0, 0, 0"
            type="0"
          />
          <div
            class="sc-hKwDye ePoxSY"
            color="0, 0, 0"
            type="0"
          />
          <div
            class="sc-hKwDye ePoxSY"
            color="0, 0, 0"
            type="0"
          />
          <div
            class="sc-hKwDye ePoxSY"
            color="0, 0, 0"
            type="0"
          />
          <div
            class="sc-hKwDye ePoxSY"
            color="0, 0, 0"
            type="0"
          />
          <div
            class="sc-hKwDye ePoxSY"
            color="0, 0, 0"
            type="0"
          />
          <div
            class="sc-hKwDye ePoxSY"
            color="0, 0, 0"
            type="0"
          />
          <div
            class="sc-hKwDye ePoxSY"
            color="0, 0, 0"
            type="0"
          />
          <div
            class="sc-hKwDye ePoxSY"
            color="0, 0, 0"
            type="0"
          />
          <div
            class="sc-hKwDye ePoxSY"
            color="0, 0, 0"
            type="0"
          />
          <div
            class="sc-hKwDye ePoxSY"
            color="0, 0, 0"
            type="0"
          />
          <div
            class="sc-hKwDye ePoxSY"
            color="0, 0, 0"
            type="0"
          />
          <div
            class="sc-hKwDye ePoxSY"
            color="0, 0, 0"
            type="0"
          />
          <div
            class="sc-hKwDye ePoxSY"
            color="0, 0, 0"
            type="0"
          />
          <div
            class="sc-hKwDye ePoxSY"
            color="0, 0, 0"
            type="0"
          />
          <div
            class="sc-hKwDye ePoxSY"
            color="0, 0, 0"
            type="0"
          />
          <div
            class="sc-hKwDye ePoxSY"
            color="0, 0, 0"
            type="0"
          />
          <div
            class="sc-hKwDye ePoxSY"
            color="0, 0, 0"
            type="0"
          />
          <div
            class="sc-hKwDye ePoxSY"
            color="0, 0, 0"
            type="0"
          />
          <div
            class="sc-hKwDye ePoxSY"
            color="0, 0, 0"
            type="0"
          />
          <div
            class="sc-hKwDye ePoxSY"
            color="0, 0, 0"
            type="0"
          />
          <div
            class="sc-hKwDye ePoxSY"
            color="0, 0, 0"
            type="0"
          />
          <div
            class="sc-hKwDye ePoxSY"
            color="0, 0, 0"
            type="0"
          />
          <div
            class="sc-hKwDye ePoxSY"
            color="0, 0, 0"
            type="0"
          />
          <div
            class="sc-hKwDye ePoxSY"
            color="0, 0, 0"
            type="0"
          />
          <div
            class="sc-hKwDye ePoxSY"
            color="0, 0, 0"
            type="0"
          />
          <div
            class="sc-hKwDye ePoxSY"
            color="0, 0, 0"
            type="0"
          />
          <div
            class="sc-hKwDye ePoxSY"
            color="0, 0, 0"
            type="0"
          />
          <div
            class="sc-hKwDye ePoxSY"
            color="0, 0, 0"
            type="0"
          />
          <div
            class="sc-hKwDye ePoxSY"
            color="0, 0, 0"
            type="0"
          />
          <div
            class="sc-hKwDye ePoxSY"
            color="0, 0, 0"
            type="0"
          />
          <div
            class="sc-hKwDye ePoxSY"
            color="0, 0, 0"
            type="0"
          />
          <div
            class="sc-hKwDye ePoxSY"
            color="0, 0, 0"
            type="0"
          />
          <div
            class="sc-hKwDye ePoxSY"
            color="0, 0, 0"
            type="0"
          />
          <div
            class="sc-hKwDye ePoxSY"
            color="0, 0, 0"
            type="0"
          />
          <div
            class="sc-hKwDye ePoxSY"
            color="0, 0, 0"
            type="0"
          />
          <div
            class="sc-hKwDye ePoxSY"
            color="0, 0, 0"
            type="0"
          />
          <div
            class="sc-hKwDye ePoxSY"
            color="0, 0, 0"
            type="0"
          />
          <div
            class="sc-hKwDye ePoxSY"
            color="0, 0, 0"
            type="0"
          />
          <div
            class="sc-hKwDye ePoxSY"
            color="0, 0, 0"
            type="0"
          />
          <div
            class="sc-hKwDye ePoxSY"
            color="0, 0, 0"
            type="0"
          />
          <div
            class="sc-hKwDye ePoxSY"
            color="0, 0, 0"
            type="0"
          />
          <div
            class="sc-hKwDye ePoxSY"
            color="0, 0, 0"
            type="0"
          />
          <div
            class="sc-hKwDye ePoxSY"
            color="0, 0, 0"
            type="0"
          />
          <div
            class="sc-hKwDye ePoxSY"
            color="0, 0, 0"
            type="0"
          />
          <div
            class="sc-hKwDye ePoxSY"
            color="0, 0, 0"
            type="0"
          />
          <div
            class="sc-hKwDye ePoxSY"
            color="0, 0, 0"
            type="0"
          />
          <div
            class="sc-hKwDye ePoxSY"
            color="0, 0, 0"
            type="0"
          />
          <div
            class="sc-hKwDye ePoxSY"
            color="0, 0, 0"
            type="0"
          />
          <div
            class="sc-hKwDye ePoxSY"
            color="0, 0, 0"
            type="0"
          />
          <div
            class="sc-hKwDye ePoxSY"
            color="0, 0, 0"
            type="0"
          />
          <div
            class="sc-hKwDye ePoxSY"
            color="0, 0, 0"
            type="0"
          />
          <div
            class="sc-hKwDye ePoxSY"
            color="0, 0, 0"
            type="0"
          />
          <div
            class="sc-hKwDye ePoxSY"
            color="0, 0, 0"
            type="0"
          />
          <div
            class="sc-hKwDye ePoxSY"
            color="0, 0, 0"
            type="0"
          />
          <div
            class="sc-hKwDye ePoxSY"
            color="0, 0, 0"
            type="0"
          />
          <div
            class="sc-hKwDye ePoxSY"
            color="0, 0, 0"
            type="0"
          />
          <div
            class="sc-hKwDye ePoxSY"
            color="0, 0, 0"
            type="0"
          />
          <div
            class="sc-hKwDye ePoxSY"
            color="0, 0, 0"
            type="0"
          />
          <div
            class="sc-hKwDye ePoxSY"
            color="0, 0, 0"
            type="0"
          />
          <div
            class="sc-hKwDye ePoxSY"
            color="0, 0, 0"
            type="0"
          />
          <div
            class="sc-hKwDye ePoxSY"
            color="0, 0, 0"
            type="0"
          />
          <div
            class="sc-hKwDye ePoxSY"
            color="0, 0, 0"
            type="0"
          />
          <div
            class="sc-hKwDye ePoxSY"
            color="0, 0, 0"
            type="0"
          />
          <div
            class="sc-hKwDye ePoxSY"
            color="0, 0, 0"
            type="0"
          />
          <div
            class="sc-hKwDye ePoxSY"
            color="0, 0, 0"
            type="0"
          />
          <div
            class="sc-hKwDye ePoxSY"
            color="0, 0, 0"
            type="0"
          />
          <div
            class="sc-hKwDye ePoxSY"
            color="0, 0, 0"
            type="0"
          />
          <div
            class="sc-hKwDye ePoxSY"
            color="0, 0, 0"
            type="0"
          />
          <div
            class="sc-hKwDye ePoxSY"
            color="0, 0, 0"
            type="0"
          />
          <div
            class="sc-hKwDye ePoxSY"
            color="0, 0, 0"
            type="0"
          />
          <div
            class="sc-hKwDye ePoxSY"
            color="0, 0, 0"
            type="0"
          />
          <div
            class="sc-hKwDye ePoxSY"
            color="0, 0, 0"
            type="0"
          />
          <div
            class="sc-hKwDye ePoxSY"
            color="0, 0, 0"
            type="0"
          />
          <div
            class="sc-hKwDye ePoxSY"
            color="0, 0, 0"
            type="0"
          />
          <div
            class="sc-hKwDye ePoxSY"
            color="0, 0, 0"
            type="0"
          />
          <div
            class="sc-hKwDye ePoxSY"
            color="0, 0, 0"
            type="0"
          />
          <div
            class="sc-hKwDye ePoxSY"
            color="0, 0, 0"
            type="0"
          />
          <div
            class="sc-hKwDye ePoxSY"
            color="0, 0, 0"
            type="0"
          />
          <div
            class="sc-hKwDye ePoxSY"
            color="0, 0, 0"
            type="0"
          />
          <div
            class="sc-hKwDye ePoxSY"
            color="0, 0, 0"
            type="0"
          />
          <div
            class="sc-hKwDye ePoxSY"
            color="0, 0, 0"
            type="0"
          />
          <div
            class="sc-hKwDye ePoxSY"
            color="0, 0, 0"
            type="0"
          />
          <div
            class="sc-hKwDye ePoxSY"
            color="0, 0, 0"
            type="0"
          />
          <div
            class="sc-hKwDye ePoxSY"
            color="0, 0, 0"
            type="0"
          />
          <div
            class="sc-hKwDye ePoxSY"
            color="0, 0, 0"
            type="0"
          />
          <div
            class="sc-hKwDye ePoxSY"
            color="0, 0, 0"
            type="0"
          />
          <div
            class="sc-hKwDye ePoxSY"
            color="0, 0, 0"
            type="0"
          />
          <div
            class="sc-hKwDye ePoxSY"
            color="0, 0, 0"
            type="0"
          />
          <div
            class="sc-hKwDye ePoxSY"
            color="0, 0, 0"
            type="0"
          />
          <div
            class="sc-hKwDye ePoxSY"
            color="0, 0, 0"
            type="0"
          />
          <div
            class="sc-hKwDye ePoxSY"
            color="0, 0, 0"
            type="0"
          />
          <div
            class="sc-hKwDye ePoxSY"
            color="0, 0, 0"
            type="0"
          />
          <div
            class="sc-hKwDye ePoxSY"
            color="0, 0, 0"
            type="0"
          />
          <div
            class="sc-hKwDye ePoxSY"
            color="0, 0, 0"
            type="0"
          />
          <div
            class="sc-hKwDye ePoxSY"
            color="0, 0, 0"
            type="0"
          />
          <div
            class="sc-hKwDye ePoxSY"
            color="0, 0, 0"
            type="0"
          />
          <div
            class="sc-hKwDye ePoxSY"
            color="0, 0, 0"
            type="0"
          />
          <div
            class="sc-hKwDye ePoxSY"
            color="0, 0, 0"
            type="0"
          />
          <div
            class="sc-hKwDye ePoxSY"
            color="0, 0, 0"
            type="0"
          />
          <div
            class="sc-hKwDye ePoxSY"
            color="0, 0, 0"
            type="0"
          />
          <div
            class="sc-hKwDye ePoxSY"
            color="0, 0, 0"
            type="0"
          />
          <div
            class="sc-hKwDye ePoxSY"
            color="0, 0, 0"
            type="0"
          />
          <div
            class="sc-hKwDye ePoxSY"
            color="0, 0, 0"
            type="0"
          />
          <div
            class="sc-hKwDye ePoxSY"
            color="0, 0, 0"
            type="0"
          />
          <div
            class="sc-hKwDye ePoxSY"
            color="0, 0, 0"
            type="0"
          />
          <div
            class="sc-hKwDye ePoxSY"
            color="0, 0, 0"
            type="0"
          />
          <div
            class="sc-hKwDye ePoxSY"
            color="0, 0, 0"
            type="0"
          />
          <div
            class="sc-hKwDye ePoxSY"
            color="0, 0, 0"
            type="0"
          />
          <div
            class="sc-hKwDye ePoxSY"
            color="0, 0, 0"
            type="0"
          />
          <div
            class="sc-hKwDye ePoxSY"
            color="0, 0, 0"
            type="0"
          />
          <div
            class="sc-hKwDye ePoxSY"
            color="0, 0, 0"
            type="0"
          />
          <div
            class="sc-hKwDye ePoxSY"
            color="0, 0, 0"
            type="0"
          />
          <div
            class="sc-hKwDye ePoxSY"
            color="0, 0, 0"
            type="0"
          />
          <div
            class="sc-hKwDye ePoxSY"
            color="0, 0, 0"
            type="0"
          />
          <div
            class="sc-hKwDye ePoxSY"
            color="0, 0, 0"
            type="0"
          />
          <div
            class="sc-hKwDye ePoxSY"
            color="0, 0, 0"
            type="0"
          />
          <div
            class="sc-hKwDye ePoxSY"
            color="0, 0, 0"
            type="0"
          />
          <div
            class="sc-hKwDye ePoxSY"
            color="0, 0, 0"
            type="0"
          />
          <div
            class="sc-hKwDye ePoxSY"
            color="0, 0, 0"
            type="0"
          />
          <div
            class="sc-hKwDye ePoxSY"
            color="0, 0, 0"
            type="0"
          />
          <div
            class="sc-hKwDye ePoxSY"
            color="0, 0, 0"
            type="0"
          />
          <div
            class="sc-hKwDye ePoxSY"
            color="0, 0, 0"
            type="0"
          />
          <div
            class="sc-hKwDye ePoxSY"
            color="0, 0, 0"
            type="0"
          />
          <div
            class="sc-hKwDye ePoxSY"
            color="0, 0, 0"
            type="0"
          />
          <div
            class="sc-hKwDye ePoxSY"
            color="0, 0, 0"
            type="0"
          />
          <div
            class="sc-hKwDye ePoxSY"
            color="0, 0, 0"
            type="0"
          />
          <div
            class="sc-hKwDye ePoxSY"
            color="0, 0, 0"
            type="0"
          />
          <div
            class="sc-hKwDye ePoxSY"
            color="0, 0, 0"
            type="0"
          />
          <div
            class="sc-hKwDye ePoxSY"
            color="0, 0, 0"
            type="0"
          />
          <div
            class="sc-hKwDye ePoxSY"
            color="0, 0, 0"
            type="0"
          />
          <div
            class="sc-hKwDye ePoxSY"
            color="0, 0, 0"
            type="0"
          />
          <div
            class="sc-hKwDye ePoxSY"
            color="0, 0, 0"
            type="0"
          />
          <div
            class="sc-hKwDye ePoxSY"
            color="0, 0, 0"
            type="0"
          />
          <div
            class="sc-hKwDye ePoxSY"
            color="0, 0, 0"
            type="0"
          />
          <div
            class="sc-hKwDye ePoxSY"
            color="0, 0, 0"
            type="0"
          />
          <div
            class="sc-hKwDye ePoxSY"
            color="0, 0, 0"
            type="0"
          />
          <div
            class="sc-hKwDye ePoxSY"
            color="0, 0, 0"
            type="0"
          />
          <div
            class="sc-hKwDye ePoxSY"
            color="0, 0, 0"
            type="0"
          />
          <div
            class="sc-hKwDye ePoxSY"
            color="0, 0, 0"
            type="0"
          />
          <div
            class="sc-hKwDye ePoxSY"
            color="0, 0, 0"
            type="0"
          />
          <div
            class="sc-hKwDye ePoxSY"
            color="0, 0, 0"
            type="0"
          />
          <div
            class="sc-hKwDye ePoxSY"
            color="0, 0, 0"
            type="0"
          />
          <div
            class="sc-hKwDye ePoxSY"
            color="0, 0, 0"
            type="0"
          />
          <div
            class="sc-hKwDye ePoxSY"
            color="0, 0, 0"
            type="0"
          />
          <div
            class="sc-hKwDye ePoxSY"
            color="0, 0, 0"
            type="0"
          />
          <div
            class="sc-hKwDye ePoxSY"
            color="0, 0, 0"
            type="0"
          />
          <div
            class="sc-hKwDye ePoxSY"
            color="0, 0, 0"
            type="0"
          />
          <div
            class="sc-hKwDye ePoxSY"
            color="0, 0, 0"
            type="0"
          />
          <div
            class="sc-hKwDye ePoxSY"
            color="0, 0, 0"
            type="0"
          />
          <div
            class="sc-hKwDye ePoxSY"
            color="0, 0, 0"
            type="0"
          />
          <div
            class="sc-hKwDye ePoxSY"
            color="0, 0, 0"
            type="0"
          />
          <div
            class="sc-hKwDye ePoxSY"
            color="0, 0, 0"
            type="0"
          />
          <div
            class="sc-hKwDye ePoxSY"
            color="0, 0, 0"
            type="0"
          />
          <div
            class="sc-hKwDye ePoxSY"
            color="0, 0, 0"
            type="0"
          />
          <div
            class="sc-hKwDye ePoxSY"
            color="0, 0, 0"
            type="0"
          />
          <div
            class="sc-hKwDye ePoxSY"
            color="0, 0, 0"
            type="0"
          />
          <div
            class="sc-hKwDye ePoxSY"
            color="0, 0, 0"
            type="0"
          />
          <div
            class="sc-hKwDye ePoxSY"
            color="0, 0, 0"
            type="0"
          />
          <div
            class="sc-hKwDye ePoxSY"
            color="0, 0, 0"
            type="0"
          />
          <div
            class="sc-hKwDye ePoxSY"
            color="0, 0, 0"
            type="0"
          />
          <div
            class="sc-hKwDye ePoxSY"
            color="0, 0, 0"
            type="0"
          />
          <div
            class="sc-hKwDye ePoxSY"
            color="0, 0, 0"
            type="0"
          />
          <div
            class="sc-hKwDye ePoxSY"
            color="0, 0, 0"
            type="0"
          />
          <div
            class="sc-hKwDye ePoxSY"
            color="0, 0, 0"
            type="0"
          />
          <div
            class="sc-hKwDye ePoxSY"
            color="0, 0, 0"
            type="0"
          />
          <div
            class="sc-hKwDye ePoxSY"
            color="0, 0, 0"
            type="0"
          />
          <div
            class="sc-hKwDye ePoxSY"
            color="0, 0, 0"
            type="0"
          />
          <div
            class="sc-hKwDye ePoxSY"
            color="0, 0, 0"
            type="0"
          />
          <div
            class="sc-hKwDye ePoxSY"
            color="0, 0, 0"
            type="0"
          />
          <div
            class="sc-hKwDye ePoxSY"
            color="0, 0, 0"
            type="0"
          />
          <div
            class="sc-hKwDye ePoxSY"
            color="0, 0, 0"
            type="0"
          />
          <div
            class="sc-hKwDye ePoxSY"
            color="0, 0, 0"
            type="0"
          />
          <div
            class="sc-hKwDye ePoxSY"
            color="0, 0, 0"
            type="0"
          />
          <div
            class="sc-hKwDye ePoxSY"
            color="0, 0, 0"
            type="0"
          />
          <div
            class="sc-hKwDye ePoxSY"
            color="0, 0, 0"
            type="0"
          />
          <div
            class="sc-hKwDye ePoxSY"
            color="0, 0, 0"
            type="0"
          />
          <div
            class="sc-hKwDye ePoxSY"
            color="0, 0, 0"
            type="0"
          />
          <div
            class="sc-hKwDye ePoxSY"
            color="0, 0, 0"
            type="0"
          />
          <div
            class="sc-hKwDye ePoxSY"
            color="0, 0, 0"
            type="0"
          />
          <div
            class="sc-hKwDye ePoxSY"
            color="0, 0, 0"
            type="0"
          />
          <div
            class="sc-hKwDye ePoxSY"
            color="0, 0, 0"
            type="0"
          />
          <div
            class="sc-hKwDye ePoxSY"
            color="0, 0, 0"
            type="0"
          />
          <div
            class="sc-hKwDye ePoxSY"
            color="0, 0, 0"
            type="0"
          />
          <div
            class="sc-hKwDye ePoxSY"
            color="0, 0, 0"
            type="0"
          />
          <div
            class="sc-hKwDye ePoxSY"
            color="0, 0, 0"
            type="0"
          />
          <div
            class="sc-hKwDye ePoxSY"
            color="0, 0, 0"
            type="0"
          />
          <div
            class="sc-hKwDye ePoxSY"
            color="0, 0, 0"
            type="0"
          />
          <div
            class="sc-hKwDye ePoxSY"
            color="0, 0, 0"
            type="0"
          />
          <div
            class="sc-hKwDye ePoxSY"
            color="0, 0, 0"
            type="0"
          />
        </div>
        <aside>
          <div>
            <div
              class="sc-eCImPb itejFv"
            >
              Score: 0
            </div>
            <div
              class="sc-eCImPb itejFv"
            >
              rows: 0
            </div>
            <div
              class="sc-eCImPb itejFv"
            >
              Level: 0
            </div>
          </div>
          <button
            class="sc-jRQBWg hXeCXg"
          >
            Start Game
          </button>
        </aside>
      </div>
    </div>
  </div>
</div>
`;
